[controlcommands.cpp:135]: Local player will control 218800
[gamestate.cpp:4568]: Starting AI
[gamestate.cpp:4605]: AI takes control of High Chief Suarn of Alania
[gamestate.cpp:4605]: AI takes control of Count Ulrich of Bern
[gamestate.cpp:4605]: AI takes control of Serene Doge Alberto of Pisa
[gamestate.cpp:4605]: AI takes control of King Magnus V of Norway
[gamestate.cpp:4605]: AI takes control of Doux Andronikos of Paphlagonia
[gamestate.cpp:4605]: AI takes control of Earl Waldeve of Dunbar
[gamestate.cpp:4605]: AI takes control of Count Jón of Suðurland
[gamestate.cpp:4605]: AI takes control of Marzoban Nasrid of Pamir
[gamestate.cpp:4605]: AI takes control of Ne Weiming Renxiao of Xia
[gamestate.cpp:4605]: AI takes control of Duke Heinrich II of Austria
[gamestate.cpp:4605]: AI takes control of Thakur Krishnagupta of Mithila
[gamestate.cpp:4605]: AI takes control of Count Sokal of Charkliq
[gamestate.cpp:4605]: AI takes control of Sheikh Muhammad of Barqa
[gamestate.cpp:4605]: AI takes control of Earl Malcolm of Atholl
[gamestate.cpp:4605]: AI takes control of Prince-Bishop Henri of Reims
[gamestate.cpp:4605]: AI takes control of Count Asalup of Kubera
[gamestate.cpp:4605]: AI takes control of Earl Áed of Bréifne
[gamestate.cpp:4605]: AI takes control of Ezangquhuai Fuguzhi of Delingha
[gamestate.cpp:4605]: AI takes control of Count Konstantinos of Methone
[gamestate.cpp:4605]: AI takes control of Farbas M'Bali Nene of Manding
[gamestate.cpp:4605]: AI takes control of Thakur Purushottama of Bikrampur
[gamestate.cpp:4605]: AI takes control of Emir Ishaq of the Massufid Emirate
[gamestate.cpp:4605]: AI takes control of Thakur Harirasa of Uchangidurga
[gamestate.cpp:4605]: AI takes control of Emir Uthman of Tlemcen
[gamestate.cpp:4605]: AI takes control of High Chief Sokal of Golmud
[gamestate.cpp:4605]: AI takes control of Count Sol of Severin
[gamestate.cpp:4605]: AI takes control of Patriarch of the East Isho'yahb V
[gamestate.cpp:4605]: AI takes control of Farbas Fädazu of Songhay
[gamestate.cpp:4605]: AI takes control of Count Ludwig of Württemberg
[gamestate.cpp:4605]: AI takes control of Count Sune of Fyn
[gamestate.cpp:4605]: AI takes control of Chief Botulf of Västerbotten
[gamestate.cpp:4605]: AI takes control of Count Walram of Marburg
[gamestate.cpp:4605]: AI takes control of Count Matthias of Boulogne
[gamestate.cpp:4605]: AI takes control of Emir Aba of the Diskarkha Emirate
[gamestate.cpp:4605]: AI takes control of Count Honfroy of Safed
[gamestate.cpp:4605]: AI takes control of Count Thibault of Blois
[gamestate.cpp:4605]: AI takes control of Prince Mayor Ivanko of Novgorod
[gamestate.cpp:4605]: AI takes control of Sheikh Muhammad of Aden
[gamestate.cpp:4605]: AI takes control of King Gissur of Island
[gamestate.cpp:4605]: AI takes control of Count Amédée of Genfergau
[gamestate.cpp:4605]: AI takes control of Earl Adelbert of La Marche
[gamestate.cpp:4605]: AI takes control of Duke Raimond of Galilee
[gamestate.cpp:4605]: AI takes control of Thakur Anayapala of Candhoba
[gamestate.cpp:4605]: AI takes control of Count Kazimierz of Wolgast
[gamestate.cpp:4605]: AI takes control of Sultan Khusraw II Malik of the Ghaznavid Sultanate
[gamestate.cpp:4605]: AI takes control of Countess Hvorflaed of Ross
[gamestate.cpp:4605]: AI takes control of Farbas Birama of Ghana
[gamestate.cpp:4605]: AI takes control of Marzoban Abbas of Tashkurgan
[gamestate.cpp:4605]: AI takes control of Sheikh Ahmed of Senoussi
[gamestate.cpp:4605]: AI takes control of King Louis VII of France
[gamestate.cpp:4605]: AI takes control of Thakur Mallugi of Lattalura
[gamestate.cpp:4605]: AI takes control of Duchess Aífe of Leinster
[gamestate.cpp:4605]: AI takes control of Lord Mayor Gabriele of Florenz
[gamestate.cpp:4605]: AI takes control of King Amaury of Jerusalem
[gamestate.cpp:4605]: AI takes control of Countess Mahaut of Bourbon
[gamestate.cpp:4605]: AI takes control of Toompea Tong of Amdo
[gamestate.cpp:4605]: AI takes control of Earl Jean of Vendôme
[gamestate.cpp:4605]: AI takes control of Basileus Manuel of the Byzantine Empire
[gamestate.cpp:4605]: AI takes control of King Fernando II of León
[gamestate.cpp:4605]: AI takes control of Thakur Aparaditya of Thana
[gamestate.cpp:4605]: AI takes control of Count Hontpázmány Martin of Fejer
[gamestate.cpp:4605]: AI takes control of Chief Tamanca of Canarias
[gamestate.cpp:4605]: AI takes control of Chief Aghlab of Dariya
[gamestate.cpp:4605]: AI takes control of Earl Simon of Évreux
[gamestate.cpp:4605]: AI takes control of Thakur Bhadrasena of Goalpara
[gamestate.cpp:4605]: AI takes control of Raja Surajit of the Kachari Raj
[gamestate.cpp:4605]: AI takes control of Doux Alexios II of Lychnidos
[gamestate.cpp:4605]: AI takes control of Duke Djadaron of Tao
[gamestate.cpp:4605]: AI takes control of Lord Mayor Bartolomeo of Bologna
[gamestate.cpp:4605]: AI takes control of Prince-Bishop Baldewin of Bremen
[gamestate.cpp:4605]: AI takes control of Prince-Bishop Hugues of the Durham
[gamestate.cpp:4605]: AI takes control of Doux Konstantinos of Krete
[gamestate.cpp:4605]: AI takes control of Duke Matthias of Upper Lorraine
[gamestate.cpp:4605]: AI takes control of Grand Prince Andrei of Vladimir
[gamestate.cpp:4605]: AI takes control of Count Varmanpaz of Moskva
[gamestate.cpp:4605]: AI takes control of Count Gudrød of Mann
[gamestate.cpp:4605]: AI takes control of Khanum Kara-Khitai Pusuwan of the Kara-Khitai Khanate
[gamestate.cpp:4605]: AI takes control of Count Samson of Aydhab
[gamestate.cpp:4605]: AI takes control of Count Simeoni of Trinkitat
[gamestate.cpp:4605]: AI takes control of Count Vacaghx of Darson
[gamestate.cpp:4605]: AI takes control of Count Diotiaiuti of Cinarca
[gamestate.cpp:4605]: AI takes control of Thakur Niranjanmalladeva of Doti
[gamestate.cpp:4605]: AI takes control of Earl Walter of Clydesdale
[gamestate.cpp:4605]: AI takes control of Satrap Tagh III ad-Din of the Nasrid Beylerbeylik
[gamestate.cpp:4605]: AI takes control of Sheikh Abd-al-Aziz of Alcantara
[gamestate.cpp:4605]: AI takes control of Chief Raphaelkouda of Gezira
[gamestate.cpp:4605]: AI takes control of Chief Sora of Bornu
[gamestate.cpp:4605]: AI takes control of Count Simon of Saarbrücken
[gamestate.cpp:4609]: Human takes control of Doux Kulin of Bosnia
[gamestate.cpp:4605]: AI takes control of Thakur Ram Singh of Canda
[gamestate.cpp:4605]: AI takes control of Raja Anangpal III of the Tomara Raj
[gamestate.cpp:4605]: AI takes control of Thakur Munzir of Karor
[gamestate.cpp:4605]: AI takes control of Bey Mubaraz of Dashtestan
[gamestate.cpp:4605]: AI takes control of Earl Baldwin of Devon
[gamestate.cpp:4605]: AI takes control of Duke Godfried VIII of Lower Lorraine
[gamestate.cpp:4605]: AI takes control of Doux Konstantinos II of Moesia
[gamestate.cpp:4605]: AI takes control of Grandmaster Martim of Knights of Calatrava
[gamestate.cpp:4605]: AI takes control of Earl Guillaume of Angoulême
[gamestate.cpp:4605]: AI takes control of Emir Abd-'Allah of Kabylia
[gamestate.cpp:4605]: AI takes control of Satrap Begbars of the Hashimid Satrapy
[gamestate.cpp:4605]: AI takes control of Prince-Bishop Ulrich of Aquileia
[gamestate.cpp:4605]: AI takes control of High Chief Salinder of Pechora
[gamestate.cpp:4605]: AI takes control of Emir ad-Dawla Turanshah of Sanaa
[gamestate.cpp:4605]: AI takes control of Patrician Ugo of Fieschi
[gamestate.cpp:4605]: AI takes control of Prince-Bishop Ulrich of Chur
[gamestate.cpp:4605]: AI takes control of Count Berthold of Passau
[gamestate.cpp:4605]: AI takes control of Count Nuño of Burgos
[gamestate.cpp:4605]: AI takes control of Lord Mayor Antonio of Urbino
[gamestate.cpp:4605]: AI takes control of Count Gonçalo of Guarda
[gamestate.cpp:4605]: AI takes control of Duke Sobieslav II of Bohemia
[gamestate.cpp:4605]: AI takes control of Thakur Vijaya of Mohadavasaka
[gamestate.cpp:4605]: AI takes control of Raja Jagadhekamalla II of the Kalyani Chalukya Raj
[gamestate.cpp:4605]: AI takes control of Thakur Komta of Munda
[gamestate.cpp:4605]: AI takes control of Maharaja Jayacandra of the Gahadvala Kingdom
[gamestate.cpp:4605]: AI takes control of Count Diego of Asturias de Santillana
[gamestate.cpp:4605]: AI takes control of Queen Konstanza of Brittany
[gamestate.cpp:4605]: AI takes control of Emir Sulayman II of the Shirazid Emirate
[gamestate.cpp:4605]: AI takes control of Earl Hugh of Chester
[gamestate.cpp:4605]: AI takes control of Count Albero of Krems
[gamestate.cpp:4605]: AI takes control of Chief Yakubu of Gobir
[gamestate.cpp:4605]: AI takes control of Chief Sarak of Dvina
[gamestate.cpp:4605]: AI takes control of Count Hendrik of Gelre
[gamestate.cpp:4605]: AI takes control of Lord Mayor Ulrich of Freistadt
[gamestate.cpp:4605]: AI takes control of Count Rustem of Cadota
[gamestate.cpp:4605]: AI takes control of Lord Mayor Roberto of Noli
[gamestate.cpp:4605]: AI takes control of Duke Heinrich III of Saxony
[gamestate.cpp:4605]: AI takes control of Beylerbey Zünnün of the Danishmend Beylerbeylik
[gamestate.cpp:4605]: AI takes control of Count Robert of Amiens
[gamestate.cpp:4605]: AI takes control of Sultan Saladin of the Ayyubid Sultanate
[gamestate.cpp:4605]: AI takes control of Bey Kai-Ka'us of Alamut
[gamestate.cpp:4605]: AI takes control of High Chief Alo of Estonia
[gamestate.cpp:4605]: AI takes control of Patrician Arnfast of Hejnum
[gamestate.cpp:4605]: AI takes control of Thakur Kaduva of Nagauda
[gamestate.cpp:4605]: AI takes control of Maharaja Umar III of the Sumra Kingdom
[gamestate.cpp:4605]: AI takes control of Count Guigues of Forez
[gamestate.cpp:4605]: AI takes control of King Afonso of Portugal
[gamestate.cpp:4605]: AI takes control of High Chief Budo of Pruthenia
[gamestate.cpp:4605]: AI takes control of Count Vasilko of Orsha
[gamestate.cpp:4605]: AI takes control of Patrician Guarnito of d'Appiano
[gamestate.cpp:4605]: AI takes control of Chief Chichayka of Shish
[gamestate.cpp:4605]: AI takes control of Grand Prince Yuriy II of Murom
[gamestate.cpp:4605]: AI takes control of Duke Guttorm of Västergötland
[gamestate.cpp:4605]: AI takes control of Duke Masud II of Khiva
[gamestate.cpp:4605]: AI takes control of Doux Alexios of Abydos
[gamestate.cpp:4605]: AI takes control of Count Thore of Åland
[gamestate.cpp:4605]: AI takes control of Count Guilhèm of Chalons
[gamestate.cpp:4605]: AI takes control of Count Oldrich of Olmütz
[gamestate.cpp:4605]: AI takes control of Count Ponç of Empuries
[gamestate.cpp:4605]: AI takes control of Duke Uhtred of Galloway
[gamestate.cpp:4605]: AI takes control of Thakur Boppa of Vatapi
[gamestate.cpp:4605]: AI takes control of Count Karl of Närke
[gamestate.cpp:4605]: AI takes control of Count Gundaccer of Steyr
[gamestate.cpp:4605]: AI takes control of King Kalge of Wadai
[gamestate.cpp:4605]: AI takes control of Patrician Bengt of Gildehusen
[gamestate.cpp:4605]: AI takes control of Pope Markos III
[gamestate.cpp:4605]: AI takes control of Lord Mayor Averado of Rimini
[gamestate.cpp:4605]: AI takes control of Duke Subislaw of Pomeralia
[gamestate.cpp:4605]: AI takes control of Doux Andronikos of Achaia
[gamestate.cpp:4605]: AI takes control of Patrician Grimaldo of Grimaldi
[gamestate.cpp:4605]: AI takes control of Beylerbey Tukush Ala ed-Din of the Khwarezmid Beylerbeylik
[gamestate.cpp:4605]: AI takes control of Count Gruffydd Maelor of Powys
[gamestate.cpp:4605]: AI takes control of King Malasma'i of Shewa
[gamestate.cpp:4605]: AI takes control of Thakur Arnoraja of Dhamalpur
[gamestate.cpp:4605]: AI takes control of Earl Hugues of Lusignan
[gamestate.cpp:4605]: AI takes control of Count Pedro of Molina
[gamestate.cpp:4605]: AI takes control of Prince-Bishop Cosmi of Livinen
[gamestate.cpp:4605]: AI takes control of Countess Élisabeth of Vermandois
[gamestate.cpp:4605]: AI takes control of Duke Humbert III of Savoy
[gamestate.cpp:4605]: AI takes control of Bey Muzaffar ad-Din Zangi of Ahvaz
[gamestate.cpp:4605]: AI takes control of King Antso VI of Navarra
[gamestate.cpp:4605]: AI takes control of Raja Samant-Singh of the Guhilot Raj
[gamestate.cpp:4605]: AI takes control of Beylerbey Nur ad-Din Zangi of Damascus
[gamestate.cpp:4605]: AI takes control of Thupo Gar Pelgyi XI Danma of Dêgê
[gamestate.cpp:4605]: AI takes control of Chief Inzhay of Ural
[gamestate.cpp:4605]: AI takes control of High Chief Kubasar of Azov
[gamestate.cpp:4605]: AI takes control of Grand Prince Roman II of Volhynia
[gamestate.cpp:4605]: AI takes control of Count Rogier of Carcassonne
[gamestate.cpp:4605]: AI takes control of Emir Umar II of Fes
[gamestate.cpp:4605]: AI takes control of Count Adolf of Dithmarschen
[gamestate.cpp:4605]: AI takes control of Sultan Kilij Arslan II of Rum
[gamestate.cpp:4605]: AI takes control of Count Otto of Cham
[gamestate.cpp:4605]: AI takes control of Duke Csák István of Nyitra
[gamestate.cpp:4605]: AI takes control of Grand Prince Roman of Kiev
[gamestate.cpp:4605]: AI takes control of Count Hermann of Weimar
[gamestate.cpp:4605]: AI takes control of Chief Taghai of Kasogia
[gamestate.cpp:4605]: AI takes control of Count Tancred of Catanzaro
[gamestate.cpp:4605]: AI takes control of Count Orso of Orvieto
[gamestate.cpp:4605]: AI takes control of Doux Konstantinos II of Adrianopolis
[gamestate.cpp:4605]: AI takes control of Thakur Mankaditya of Nandapur
[gamestate.cpp:4605]: AI takes control of Thakur Sumudraditya of Mudgagiri
[gamestate.cpp:4605]: AI takes control of High Chief Sarak of Velsk
[gamestate.cpp:4605]: AI takes control of High Chief Kolik of Bjarmia
[gamestate.cpp:4605]: AI takes control of Count Swietopelk of Neumark
[gamestate.cpp:4605]: AI takes control of Grand Headmaster Sinan of Fedayeen
[gamestate.cpp:4605]: AI takes control of Doux Andronikos of Cibyrrhaeot
[gamestate.cpp:4605]: AI takes control of Duke Iskander II of Damot
[gamestate.cpp:4605]: AI takes control of Earl Conchobar of Locha Léin
[gamestate.cpp:4605]: AI takes control of King Knut of Sweden
[gamestate.cpp:4605]: AI takes control of Doux Konstantinos II of Armeniacon
[gamestate.cpp:4605]: AI takes control of Sheikh Amir of Al Jawf
[gamestate.cpp:4605]: AI takes control of Grand Prince Sviatoslav IV of Chernigov
[gamestate.cpp:4605]: AI takes control of Count Álvaro of Coruña
[gamestate.cpp:4605]: AI takes control of High Chief Asalup of Kimak
[gamestate.cpp:4605]: AI takes control of Chief Thord of Ångermanland
[gamestate.cpp:4605]: AI takes control of Doux Ioannes of Cyprus
[gamestate.cpp:4605]: AI takes control of Sheikh Abd-al-Hajjaj of Castellon
[gamestate.cpp:4605]: AI takes control of Thakur Lalachanda of Reni
[gamestate.cpp:4605]: AI takes control of Earl Ruaidri of Ulaidh
[gamestate.cpp:4605]: AI takes control of Raja Prataparudra of the Kakatiya Raj
[gamestate.cpp:4605]: AI takes control of Farin Yusa of Dendi
[gamestate.cpp:4605]: AI takes control of Chief Hulyen of Severnaya
[gamestate.cpp:4605]: AI takes control of Despot Nemanja of Serbia
[gamestate.cpp:4605]: AI takes control of High Chief Olev of Livonia
[gamestate.cpp:4605]: AI takes control of Count Vladimir of Drutsk
[gamestate.cpp:4605]: AI takes control of Patrician Tjudmund of Guldsmed
[gamestate.cpp:4605]: AI takes control of Chief Kuaz of Vishera
[gamestate.cpp:4605]: AI takes control of Sheikh Bilal of Uhshunubah
[gamestate.cpp:4605]: AI takes control of Grandmaster Pedro of Knights of Santiago
[gamestate.cpp:4605]: AI takes control of Chakhar Seba Yeshe of Bumthang
[gamestate.cpp:4605]: AI takes control of Chief Nylog of Kozhva
[gamestate.cpp:4605]: AI takes control of Bhikkhu Ranaka of Gaya
[gamestate.cpp:4605]: AI takes control of Emir Abu Ya'qub of Tangier
[gamestate.cpp:4605]: AI takes control of Gyalpo Khon Dragpa Gyaltsen of Sakya Trizin
[gamestate.cpp:4605]: AI takes control of Chief Inzhay of Kolva
[gamestate.cpp:4605]: AI takes control of Doux Leon II of Hellas
[gamestate.cpp:4605]: AI takes control of Raja Jagakedabhusana of the Nagavamsi Raj
[gamestate.cpp:4605]: AI takes control of Chief Kirdyava of Izhma
[gamestate.cpp:4605]: AI takes control of Marzoban Husam ad-Din Shuhla of Qazwin
[gamestate.cpp:4605]: AI takes control of Count Jarohnev of Saaz
[gamestate.cpp:4605]: AI takes control of High Chief Mantvydas of Skalva
[gamestate.cpp:4605]: AI takes control of Count Asbjørn of Hedmark
[gamestate.cpp:4605]: AI takes control of Duke Mieszko III of Greater Poland
[gamestate.cpp:4605]: AI takes control of Earl Alias of Périgord
[gamestate.cpp:4605]: AI takes control of Duke Przybyslaw of Mecklenburg
[gamestate.cpp:4605]: AI takes control of Prince-Bishop Raimondo of Nice
[gamestate.cpp:4605]: AI takes control of Count Apafi László of Sopron
[gamestate.cpp:4605]: AI takes control of Count Hugh of Cosenza
[gamestate.cpp:4605]: AI takes control of Count Heinrich-Borwin of Werle
[gamestate.cpp:4605]: AI takes control of Count Bernhard of Zerbst
[gamestate.cpp:4605]: AI takes control of Duke Lombardo of Abruzzo
[gamestate.cpp:4605]: AI takes control of Earl Humphrey of Breconshire
[gamestate.cpp:4605]: AI takes control of Duke Ampudin of Croatia
[gamestate.cpp:4605]: AI takes control of Duke Boleslaw of Silesia
[gamestate.cpp:4605]: AI takes control of High Chief Muhammad II of the Karakhanid High Chiefdom
[gamestate.cpp:4605]: AI takes control of Bey Muhammad of Druz
[gamestate.cpp:4605]: AI takes control of Chief Onika of Bolshoy Yugan
[gamestate.cpp:4605]: AI takes control of Maharaja Ragaraja of the Kalinga Ganga Kingdom
[gamestate.cpp:4605]: AI takes control of Chief Koksha of Viled
[gamestate.cpp:4605]: AI takes control of Bey Shams al-Malik Mahmud of Amida
[gamestate.cpp:4605]: AI takes control of Count Jaroslaw of Upper Silesia
[gamestate.cpp:4605]: AI takes control of Prince-Bishop Bengt of Skara
[gamestate.cpp:4605]: AI takes control of Beylerbey Shams al-Din Ildeniz of the Ildeguzid Beylerbeylik
[gamestate.cpp:4605]: AI takes control of High Chief Kaido of Sakala
[gamestate.cpp:4605]: AI takes control of Grand Prince Ivan of Turov
[gamestate.cpp:4605]: AI takes control of Count Dietrich of Augsburg
[gamestate.cpp:4605]: AI takes control of Count Faste of Dal
[gamestate.cpp:4605]: AI takes control of Raja Pratapadhawala of the Khayarwala Raj
[gamestate.cpp:4605]: AI takes control of High Chief Algimantas of Lithuania
[gamestate.cpp:4605]: AI takes control of Raja Kelhana of Maru
[gamestate.cpp:4605]: AI takes control of King William of Scotland
[gamestate.cpp:4605]: AI takes control of Grand Prince Oleg II of Bryansk
[gamestate.cpp:4605]: AI takes control of Raja Paramardi of the Chandela Raj
[gamestate.cpp:4605]: AI takes control of Chief Yerima of Kebbi
[gamestate.cpp:4605]: AI takes control of Count Owain Cyfeiliog of Builth
[gamestate.cpp:4605]: AI takes control of Prince-Bishop Arnold of Trier
[gamestate.cpp:4605]: AI takes control of High Chief Khorilartai of Khangai
[gamestate.cpp:4605]: AI takes control of Count Rogier-Bernat of Foix
[gamestate.cpp:4605]: AI takes control of Maharaja Ajayapala of the Solanki Kingdom
[gamestate.cpp:4605]: AI takes control of Thakur Somasimha of Vikramapura
[gamestate.cpp:4605]: AI takes control of Earl Robert of Leicester
[gamestate.cpp:4605]: AI takes control of Glo Ngodup of Manthang
[gamestate.cpp:4605]: AI takes control of High Chief Otyak of Bolghar
[gamestate.cpp:4605]: AI takes control of Chief Fatta of Araouane
[gamestate.cpp:4605]: AI takes control of Doux Manuel of Opsikion
[gamestate.cpp:4605]: AI takes control of Grand Prince Vseslav III of Polotsk
[gamestate.cpp:4605]: AI takes control of Count Jaromar of Rügen
[gamestate.cpp:4605]: AI takes control of Grand Prince Gleb II of Ryazan
[gamestate.cpp:4605]: AI takes control of Pujari Kumar of Ramagiri
[gamestate.cpp:4605]: AI takes control of Maharaja Irâcâtirâca II of the Chalukya Chola Kingdom
[gamestate.cpp:4605]: AI takes control of Count Robert of Foggia
[gamestate.cpp:4605]: AI takes control of Chief Musa of Halaban
[gamestate.cpp:4605]: AI takes control of Sheikh Aziz of Bahrein
[gamestate.cpp:4605]: AI takes control of Grand Prince Yaropolk of Smolensk
[gamestate.cpp:4605]: AI takes control of Count Rhodri of Perfeddwlad
[gamestate.cpp:4605]: AI takes control of High Chief Is'mail III of the Atef High Chiefdom
[gamestate.cpp:4605]: AI takes control of Thakur Kirtideva of Banavasi
[gamestate.cpp:4605]: AI takes control of Duke Otto II of Meissen
[gamestate.cpp:4605]: AI takes control of Chief Ahmed of Bauchi
[gamestate.cpp:4605]: AI takes control of Count Prislaw of Rostock
[gamestate.cpp:4605]: AI takes control of Farin Kaya of Bambuk
[gamestate.cpp:4605]: AI takes control of Chief Urmas of Ingria
[gamestate.cpp:4605]: AI takes control of Bey Murad of Az Zarqa
[gamestate.cpp:4605]: AI takes control of Earl Hugh of Norfolk
[gamestate.cpp:4605]: AI takes control of Sheikh Khalaf of Ashir
[gamestate.cpp:4605]: AI takes control of Countess Maria of Béarn
[gamestate.cpp:4605]: AI takes control of Count Bernhard of Lybæk
[gamestate.cpp:4605]: AI takes control of High Chief Sabe III of Curonia
[gamestate.cpp:4605]: AI takes control of Lord Mayor Damiano of Ferrara
[gamestate.cpp:4605]: AI takes control of Duke Raimond V of Toulouse
[gamestate.cpp:4605]: AI takes control of Count Henri of Luxembourg
[gamestate.cpp:4605]: AI takes control of Nirgrantha Devarshi of Rajrappa
[gamestate.cpp:4605]: AI takes control of Thakur Kirtipala of Godwad
[gamestate.cpp:4605]: AI takes control of King Alfonso III of Castille
[gamestate.cpp:4605]: AI takes control of High Chief Musa of the Banu Khattab High Chiefdom
[gamestate.cpp:4605]: AI takes control of King Amlale of Berbera
[gamestate.cpp:4605]: AI takes control of Earl Domnall of Leinster
[gamestate.cpp:4605]: AI takes control of Bey Sam Wardanruz of Yazd
[gamestate.cpp:4605]: AI takes control of Chief Sarak of Kanin
[gamestate.cpp:4605]: AI takes control of Beylerbey Nur ed-Din Mohammed of the Ortokid Beylerbeylik
[gamestate.cpp:4605]: AI takes control of Chief Uturku of Kuma
[gamestate.cpp:4605]: AI takes control of Bey Taimur of Al 'Aqabah
[gamestate.cpp:4605]: AI takes control of Count Miroslav of Zara
[gamestate.cpp:4605]: AI takes control of Prince-Bishop Walo of Havelberg
[gamestate.cpp:4605]: AI takes control of Thakur Salunji of Hisar
[gamestate.cpp:4605]: AI takes control of Ecumenical Patriarch Michael III
[gamestate.cpp:4605]: AI takes control of Khan Kobyak of Cumania
[gamestate.cpp:4605]: AI takes control of Count Boudewijn of Hainaut
[gamestate.cpp:4605]: AI takes control of Lord Mayor Ascanio of Arezzo
[gamestate.cpp:4605]: AI takes control of Bey Eyyub Necmedîn of Nisibin
[gamestate.cpp:4605]: AI takes control of Count Moritz of Oldenburg
[gamestate.cpp:4605]: AI takes control of Chief Gabrielkouda of Hayya
[gamestate.cpp:4605]: AI takes control of Sheikh Abu-Nas of Al Djazair
[gamestate.cpp:4605]: AI takes control of Thakur Vijayaditya of Kolhapur
[gamestate.cpp:4605]: AI takes control of Maharaja Someshwara of the Chauhan Kingdom
[gamestate.cpp:4605]: AI takes control of Earl Colban of Buchan
[gamestate.cpp:4605]: AI takes control of Earl Henry of Maine
[gamestate.cpp:4605]: AI takes control of Chief Salinder of Kolguyev
[gamestate.cpp:4605]: AI takes control of Earl Diarmait of Desmond
[gamestate.cpp:4605]: AI takes control of King Moses Georgios of Makuria
[gamestate.cpp:4605]: AI takes control of Count Gérard of Saintois
[gamestate.cpp:4605]: AI takes control of Count Geoffroy of Lecce
[gamestate.cpp:4605]: AI takes control of Count Csanád Fülöp of Csanád
[gamestate.cpp:4605]: AI takes control of Count Guimarc'h of Léon
[gamestate.cpp:4605]: AI takes control of Count Swietoslaw of Lubusz
[gamestate.cpp:4605]: AI takes control of Earl Pèire of Dax
[gamestate.cpp:4605]: AI takes control of Duke Konrad III of Nordgau
[gamestate.cpp:4605]: AI takes control of Patrician Magnus of Stenkyrka
[gamestate.cpp:4605]: AI takes control of Sheikh Hilal of Almansa
[gamestate.cpp:4605]: AI takes control of Earl Ruaidri of Tír Chonaill
[gamestate.cpp:4605]: AI takes control of Count Fernando of Valladolid
[gamestate.cpp:4605]: AI takes control of Chief Barau of Katsina
[gamestate.cpp:4605]: AI takes control of Count Nemoj of Leitmeritz
[gamestate.cpp:4605]: AI takes control of Count Jafrez of Domnonea
[gamestate.cpp:4605]: AI takes control of Sheikh Mocaddem of Tobruk
[gamestate.cpp:4605]: AI takes control of Count Eustache of Tyrus
[gamestate.cpp:4605]: AI takes control of Prince-Bishop Hermann of Würzburg
[gamestate.cpp:4605]: AI takes control of Captain Gun of Outlaws of the Marsh
[gamestate.cpp:4605]: AI takes control of Thakur Janapala of Kiranapura
[gamestate.cpp:4605]: AI takes control of Bey Abdullah of Al Bichri
[gamestate.cpp:4605]: AI takes control of Earl Domnall of Thomond
[gamestate.cpp:4605]: AI takes control of Lord Mayor Alexios of Split
[gamestate.cpp:4605]: AI takes control of Count Bertrand of Forcalquier
[gamestate.cpp:4605]: AI takes control of Chief Austmod of Jemtland
[gamestate.cpp:4605]: AI takes control of Count Epimachos of Nubia
[gamestate.cpp:4605]: AI takes control of Duke Ludwig III of Thüringia
[gamestate.cpp:4605]: AI takes control of Count Géraud of Escuens
[gamestate.cpp:4605]: AI takes control of High Chief Bikorom of Kanem
[gamestate.cpp:4605]: AI takes control of High Chief Gediminas of Yatvingia
[gamestate.cpp:4605]: AI takes control of Prince-Bishop Anno of Minden
[gamestate.cpp:4605]: AI takes control of Count Leo of Monemvasia
[gamestate.cpp:4605]: AI takes control of Prince-Bishop Arnoul of Verdun
[gamestate.cpp:4605]: AI takes control of Chief Baeivi of Kemi
[gamestate.cpp:4605]: AI takes control of Duke Ogbai of Gojjam
[gamestate.cpp:4605]: AI takes control of Duke Miles of Oultrejourdain
[gamestate.cpp:4605]: AI takes control of Count Georgios of Dotawo
[gamestate.cpp:4605]: AI takes control of Earl Domnall of Leix
[gamestate.cpp:4605]: AI takes control of Duke Eskil of Skåne
[gamestate.cpp:4605]: AI takes control of Duke Ranald of Søreyar
[gamestate.cpp:4605]: AI takes control of Thakur Lakho of Kutch
[gamestate.cpp:4605]: AI takes control of Count Ludwig of Montbéliard
[gamestate.cpp:4605]: AI takes control of High Chief Jebe of Ötüken
[gamestate.cpp:4605]: AI takes control of King Henry II of England
[gamestate.cpp:4605]: AI takes control of Kaiser Friedrich of the Holy Roman Empire
[gamestate.cpp:4605]: AI takes control of Thakur Grahar of Bhumilka
[gamestate.cpp:4605]: AI takes control of Count Berthold of Innsbruck
[gamestate.cpp:4605]: AI takes control of Count Barusone of Arboréa
[gamestate.cpp:4605]: AI takes control of Patrician Enrico of Dandolo
[gamestate.cpp:4605]: AI takes control of Prince-Bishop Kuno of Wallis
[gamestate.cpp:4605]: AI takes control of Thakur Sovideva of Pratishthana
[gamestate.cpp:4605]: AI takes control of High Chief Yeke of Crimea
[gamestate.cpp:4605]: AI takes control of Earl Hugh of Westmorland
[gamestate.cpp:4605]: AI takes control of High Chief Somatu of Mezen
[gamestate.cpp:4605]: AI takes control of Count Hugo of Nordgau
[gamestate.cpp:4605]: AI takes control of Count Atrak of Artux
[gamestate.cpp:4605]: AI takes control of Prince-Bishop Albert of Freising
[gamestate.cpp:4605]: AI takes control of Count Claudio of Bozen
[gamestate.cpp:4605]: AI takes control of Earl Niall of Airgíalla
[gamestate.cpp:4605]: AI takes control of Duke Friedrich VI of Swabia
[gamestate.cpp:4605]: AI takes control of Thakur Ghao of Debul
[gamestate.cpp:4605]: AI takes control of Duke Mleh of Armenia Minor
[gamestate.cpp:4605]: AI takes control of Maharaja Valla of the Sena Kingdom
[gamestate.cpp:4605]: AI takes control of Count Örösur Belenik of Máramaros
[gamestate.cpp:4605]: AI takes control of High Chief Begluk of Yaik
[gamestate.cpp:4605]: AI takes control of Rector Jugno II of Ragusa
[gamestate.cpp:4605]: AI takes control of Thakur Kulashekara of Honnore
[gamestate.cpp:4605]: AI takes control of King Alfons II of Aragon
[gamestate.cpp:4605]: AI takes control of Chief Baram of Masseniya
[gamestate.cpp:4605]: AI takes control of King Valdemar of Denmark
[gamestate.cpp:4605]: AI takes control of Lord Mayor Giovanni of Piombino
[gamestate.cpp:4605]: AI takes control of Bey Ardashir of Gurgan
[gamestate.cpp:4605]: AI takes control of Prince-Bishop Gherardo of Ravenna
[gamestate.cpp:4605]: AI takes control of Bey Ishaq of Al-Sukhnah
[gamestate.cpp:4605]: AI takes control of High Chief Nga of Zavarot
[gamestate.cpp:4605]: AI takes control of Count Epimachos of Suakin
[gamestate.cpp:4605]: AI takes control of Bey Majid of Maan
[gamestate.cpp:4605]: AI takes control of Sheikh Abi Saud of Bayda
[gamestate.cpp:4605]: AI takes control of Raja Jayasimha of the Vengi Chalukya Raj
[gamestate.cpp:4605]: AI takes control of Grand Prince Yaroslav of Galich
[gamestate.cpp:4605]: AI takes control of Sheikh Ali of Alcalá
[gamestate.cpp:4605]: AI takes control of Prince-Bishop Esteban of Zamora
[gamestate.cpp:4605]: AI takes control of Thakur Ajayapala of Sripatha
[gamestate.cpp:4605]: AI takes control of Beylerbey Bahram Shah of the Seljuk Beylerbeylik
[gamestate.cpp:4605]: AI takes control of Doux Isaakios of Samos
[gamestate.cpp:4605]: AI takes control of Count Dietrich of Gorlitz
[gamestate.cpp:4605]: AI takes control of Count Yacob of Antalo
[gamestate.cpp:4605]: AI takes control of Sheikh Nuri of Tabuk
[gamestate.cpp:4605]: AI takes control of Count Václav of Brünn
[gamestate.cpp:4605]: AI takes control of Thakur Gangadeva of Simaramapura
[gamestate.cpp:4605]: AI takes control of Prince-Bishop Gedko of Sacz
[gamestate.cpp:4605]: AI takes control of Prince-Bishop Pedro of Santiago
[gamestate.cpp:4605]: AI takes control of Earl Domnall of Cill Dara
[gamestate.cpp:4605]: AI takes control of Earl Geoffroy of Thouars
[gamestate.cpp:4605]: AI takes control of Earl William of Essex
[gamestate.cpp:4605]: AI takes control of Earl William of Warwick
[gamestate.cpp:4605]: AI takes control of Emir Hassan of the Uyunid Emirate
[gamestate.cpp:4605]: AI takes control of High Chief Malik Dinar of the Ghuzz High Chiefdom
[gamestate.cpp:4605]: AI takes control of Count Aba János of Abauj
[gamestate.cpp:4605]: AI takes control of Thakur Sajraj of Ranthambore
[gamestate.cpp:4605]: AI takes control of Bey Gopal of Trigarta
[gamestate.cpp:4605]: AI takes control of King Boleslaw IV of Poland
[gamestate.cpp:4605]: AI takes control of Thakur Padam Chandra of Kangra
[gamestate.cpp:4605]: AI takes control of Earl Taichleach of Muaidhe
[gamestate.cpp:4605]: AI takes control of Prince-Bishop Flaithbertach of Iona
[gamestate.cpp:4605]: AI takes control of Chief Bauwo of Daura
[gamestate.cpp:4605]: AI takes control of Count Arne of Gudbrandsdalen
[gamestate.cpp:4605]: AI takes control of Duke Harald of Orkney
[gamestate.cpp:4605]: AI takes control of Earl Centolh of Marsan
[gamestate.cpp:4605]: AI takes control of Chief Noumea of Tobysh
[gamestate.cpp:4605]: AI takes control of Count Stracimir of Arsa
[gamestate.cpp:4605]: AI takes control of Count Alexei of Grodno
[gamestate.cpp:4605]: AI takes control of Doux Mihajlo II of Dioclea
[gamestate.cpp:4605]: AI takes control of Satrap Akhsitan of the Kesranid Satrapy
[gamestate.cpp:4605]: AI takes control of Mozang Shaogu of Lingtsang
[gamestate.cpp:4605]: AI takes control of Duke Muhammad II of the Burhanid Beylerbeylik
[gamestate.cpp:4605]: AI takes control of Grandmaster Jobert of Knights Hospitaller
[gamestate.cpp:4605]: AI takes control of King William II of Sicily
[gamestate.cpp:4605]: AI takes control of Prince-Bishop Philipp of Osnabrück
[gamestate.cpp:4605]: AI takes control of Sheikh Muhammad of Algeciras
[gamestate.cpp:4605]: AI takes control of Sheikh Amer of Cyrenaica
[gamestate.cpp:4605]: AI takes control of Count Piarres of Albarracin
[gamestate.cpp:4605]: AI takes control of Earl David of Northampton
[gamestate.cpp:4605]: AI takes control of Doux Nikephoros of Cephalonia
[gamestate.cpp:4605]: AI takes control of High Chief Kyldasin of Yugra
[gamestate.cpp:4605]: AI takes control of Raja Surapala of the Rashtrakuta Raj
[gamestate.cpp:4605]: AI takes control of Count Pedro of Évora
[gamestate.cpp:4605]: AI takes control of Count Perdu of Cagliari
[gamestate.cpp:4605]: AI takes control of Count Eudon of Broërec
[gamestate.cpp:4605]: AI takes control of Weiming Renyan of Ejin
[gamestate.cpp:4605]: AI takes control of King Rhys III of Deheubarth
[gamestate.cpp:4605]: AI takes control of Chief Masud of Rafha
[gamestate.cpp:4605]: AI takes control of Bey Najib of Bira
[gamestate.cpp:4605]: AI takes control of King Árpád Béla III of Hungary
[gamestate.cpp:4605]: AI takes control of Patrician Tedice of della Gherardesca
[gamestate.cpp:4605]: AI takes control of Count Hartmann of Thurgau
[gamestate.cpp:4605]: AI takes control of Serene Doge Ansaldo I of Genoa
[gamestate.cpp:4605]: AI takes control of Count Albrecht of Basel
[gamestate.cpp:4605]: AI takes control of King Mikael of Alodia
[gamestate.cpp:4605]: AI takes control of Thakur Shivachitta of Goa
[gamestate.cpp:4605]: AI takes control of Count Ludwig of Pettau
[gamestate.cpp:4605]: AI takes control of High Chief Tsaraki of Hausaland
[gamestate.cpp:4605]: AI takes control of Count Wilhelm of Jülich
[gamestate.cpp:4605]: AI takes control of Beylerbey Arslan Shah of Jibal
[gamestate.cpp:4605]: AI takes control of Grand Mayor Ragnvald of Gotland
[gamestate.cpp:4605]: AI takes control of Earl Conchobar of Uí Maine
[gamestate.cpp:4605]: AI takes control of Patrician Enrico of Doria
[gamestate.cpp:4605]: AI takes control of Patrician Ruggiero of Morosini
[gamestate.cpp:4605]: AI takes control of High Chief Syrka of Mordva
[gamestate.cpp:4605]: AI takes control of Maharaja Veeraballala of the Hoysala Kingdom
[gamestate.cpp:4605]: AI takes control of Count Diego of Asturias de Oviedo
[gamestate.cpp:4605]: AI takes control of Patrician Guglielmo of Embriaco
[gamestate.cpp:4605]: AI takes control of High Chief Tamachi of Ikh Bogd
[gamestate.cpp:4605]: AI takes control of Gyalpo Camakakhura Namgyal of Nagchu
[gamestate.cpp:4605]: AI takes control of Prince-Bishop Friedrich of Metz
[gamestate.cpp:4605]: AI takes control of Raja Salivahan II of the Bhatti Raj
[gamestate.cpp:4605]: AI takes control of Count Manfredo of Saluzzo
[gamestate.cpp:4605]: AI takes control of Count Pirvu of Calarasi
[gamestate.cpp:4605]: AI takes control of Kekadhunama Pyidetsan of Gêrzê
[gamestate.cpp:4605]: AI takes control of Count Mieszko of Cieszyn
[gamestate.cpp:4605]: AI takes control of Maharaja Vindhyavarman of the Paramara Kingdom
[gamestate.cpp:4605]: AI takes control of Sheikh Ya'qub of Almeria
[gamestate.cpp:4605]: AI takes control of High Chief Isa of the Awellimid High Chiefdom
[gamestate.cpp:4605]: AI takes control of Raja Narasimha IV of Gangavadi
[gamestate.cpp:4605]: AI takes control of Duke Üge of Qocho
[gamestate.cpp:4605]: AI takes control of Raja Rudradeva II of Nepal
[gamestate.cpp:4605]: AI takes control of Prince Bohemond III of Antioch
[gamestate.cpp:4605]: AI takes control of Count Robert of Artois
[gamestate.cpp:4605]: AI takes control of Patrician Benedetto of Alliata
[gamestate.cpp:4605]: AI takes control of Thakur Sankama of Nanded
[gamestate.cpp:4605]: AI takes control of Patrician Oberto of Spinola
[gamestate.cpp:4605]: AI takes control of Patrician Gregorio of Caetani
[gamestate.cpp:4605]: AI takes control of Duke Otto II of Brandenburg
[gamestate.cpp:4605]: AI takes control of Count Guglielmo of Monferrato
[gamestate.cpp:4605]: AI takes control of Prince-Bishop Albrecht of Trient
[gamestate.cpp:4605]: AI takes control of King Giorgi III of Georgia
[gamestate.cpp:4605]: AI takes control of Prince-Bishop Elias of Agen
[gamestate.cpp:4605]: AI takes control of Raja Musa of the Qarmatia Raj
[gamestate.cpp:4605]: AI takes control of Countess Petronila of Zaragoza
[gamestate.cpp:4605]: AI takes control of Gyalpo Purgyal Lhachen VIII Gyebhe of Maryul
[gamestate.cpp:4605]: AI takes control of Lord Mayor Attilio of Augschtal
[gamestate.cpp:4605]: AI takes control of Earl Gilbride of Strathearn
[gamestate.cpp:4605]: AI takes control of Countess Ermengarda of Narbonne
[gamestate.cpp:4605]: AI takes control of Doux Ioannes of Trebizond
[gamestate.cpp:4605]: AI takes control of Count Barusone of Logudoro
[gamestate.cpp:4605]: AI takes control of Maharaja Parakramabahu of the Vijayabahu Kingdom
[gamestate.cpp:4605]: AI takes control of Duke William of Gwent
[gamestate.cpp:4605]: AI takes control of Thakur Vikramasimha of Satyapura
[gamestate.cpp:4605]: AI takes control of Earl Guilhèm of Aurilliac
[gamestate.cpp:4605]: AI takes control of Grand Prince Vladimir II of Pereyaslavl
[gamestate.cpp:4605]: AI takes control of Chief Kotyan of Ulungur
[gamestate.cpp:4605]: AI takes control of Emir Hafs-Umar of the Hafsid Emirate
[gamestate.cpp:4605]: AI takes control of Prince-Bishop Roger of Worcester
[gamestate.cpp:4605]: AI takes control of Thakur Rudramana of Damin-i-koh
[gamestate.cpp:4605]: AI takes control of Earl Reginald of Cornwall
[gamestate.cpp:4605]: AI takes control of Maharaja Jayasimha of the Cedi Kingdom
[gamestate.cpp:4605]: AI takes control of Raja Nara of the Chand Raj
[gamestate.cpp:4605]: AI takes control of Duke Henri of Champagne
[gamestate.cpp:4605]: AI takes control of Count Briachislav of Vitebsk
[gamestate.cpp:4605]: AI takes control of Count Bertrand of Venaissin
[gamestate.cpp:4605]: AI takes control of Count Uluç of Aksu
[gamestate.cpp:4605]: AI takes control of Count Simon of Girgenti
[gamestate.cpp:4605]: AI takes control of Count Engelbert of Berg
[gamestate.cpp:4605]: AI takes control of Chief Etrek of Betpaqdala
[gamestate.cpp:4605]: AI takes control of Count Ermengol of Urgell
[gamestate.cpp:4605]: AI takes control of Prince-Bishop Filip of Köln
[gamestate.cpp:4605]: AI takes control of Patrician Vitale of Faliero
[gamestate.cpp:4605]: AI takes control of Chief Ohmeg of Narim
[gamestate.cpp:4605]: AI takes control of Sheikh Yazid of Alcácer do Sal
[gamestate.cpp:4605]: AI takes control of Earl Bernat of Armagnac
[gamestate.cpp:4605]: AI takes control of King Azariah of Semien
[gamestate.cpp:4605]: AI takes control of Sheikh Zahir of Al Nadjaf
[gamestate.cpp:4605]: AI takes control of Chief Ovtay of Sedyu
[gamestate.cpp:4605]: AI takes control of Countess Aliénor of Bordeaux
[gamestate.cpp:4605]: AI takes control of Thakur Janad of Vairata
[gamestate.cpp:4605]: AI takes control of Duke Raimond-Berenguié III of Provence
[gamestate.cpp:4605]: AI takes control of Maharaja Vuppadeva of the Vopyadeva Kingdom
[gamestate.cpp:4605]: AI takes control of Count Barusone of Gallura
[gamestate.cpp:4605]: AI takes control of Earl William of Sussex
[gamestate.cpp:4605]: AI takes control of Chief Melete of Saaremaa
[gamestate.cpp:4605]: AI takes control of King Ruaidrí II of Connachta
[gamestate.cpp:4605]: AI takes control of Serene Doge Sebastiano of Venice
[gamestate.cpp:4605]: AI takes control of Marzoban Farrukhzad of Shemakha
[gamestate.cpp:4605]: AI takes control of Raja Vira III of the Pandya Raj
[gamestate.cpp:4605]: AI takes control of Bey Shah Mirza of Gilgit
[gamestate.cpp:4605]: AI takes control of Thakur Kumaragiri of Amaravati
[gamestate.cpp:4605]: AI takes control of Duke Hugues IV of Burgundy
[gamestate.cpp:4605]: AI takes control of High Chief Alik of Kargopol
[gamestate.cpp:4605]: AI takes control of Farbas Diara of Timbuktu
[gamestate.cpp:4605]: AI takes control of Count Wernher of Medelike
[gamestate.cpp:4605]: AI takes control of Lord Mayor Bernardo of Como
[gamestate.cpp:4605]: AI takes control of Pope Alexander III
[gamestate.cpp:4605]: AI takes control of Bey Jahan of Rahbah
[gamestate.cpp:4605]: AI takes control of Doux Miroslav of Hum
[gamestate.cpp:4605]: AI takes control of King Dafydd of Gwynedd
[gamestate.cpp:4605]: AI takes control of Ngapo Kradhichalla of Jumla
[gamestate.cpp:4605]: AI takes control of Gyalpo Purgyal Kratsancalla of Yartse
[gamestate.cpp:4605]: AI takes control of Count Bartol of Veglia
[gamestate.cpp:4605]: AI takes control of Lord Mayor Sebastiano of Lucca
[gamestate.cpp:4605]: AI takes control of Countess Beatritz of Vienne
[gamestate.cpp:4605]: AI takes control of Bey Afridun of Melitene
[gamestate.cpp:4605]: AI takes control of Doge Sergios of Ancona
[gamestate.cpp:4605]: AI takes control of Prince-Bishop Richard of Winchester
[gamestate.cpp:4605]: AI takes control of Marzoban Nesreddin Hezarhesp of Luristan
[gamestate.cpp:4605]: AI takes control of Prince-Bishop Godfried of Sticht
[gamestate.cpp:4605]: AI takes control of Duke Ridelulf of Spoleto
[gamestate.cpp:4605]: AI takes control of Bey Sahinsah of Koloneia
[gamestate.cpp:4605]: AI takes control of Sheikh Abd-al-Razzaq of Qurtubah
[gamestate.cpp:4605]: AI takes control of Count Aghavni of Seleukeia
[gamestate.cpp:4605]: AI takes control of Count Diego of Viscaya
[gamestate.cpp:4605]: AI takes control of Earl Hugh of Shrewsbury
[gamestate.cpp:4605]: AI takes control of Caliph Al-Mustadi
[gamestate.cpp:4605]: AI takes control of Count Alladin of Assab
[gamestate.cpp:4605]: AI takes control of Grandmaster Eudes of Knights Templar
[gamestate.cpp:4605]: AI takes control of Doux Ioannes of Epirus
[gamestate.cpp:4605]: AI takes control of Thakur Kam-Deo-Pal of Garhwal
[gamestate.cpp:4605]: AI takes control of Thakur Narasimha of Kudalasangama
[gamestate.cpp:4605]: AI takes control of Duke Otakar IV of Steiermark
[gamestate.cpp:4605]: AI takes control of Chief Yapti of Ugra
[gamestate.cpp:4605]: AI takes control of Prince-Bishop Beltrano of Ivrea
[gamestate.cpp:4605]: AI takes control of Count Hasan of Suenik
[gamestate.cpp:4605]: AI takes control of Duke Philippe of Flanders
[gamestate.cpp:4605]: AI takes control of Monyul Anil of Paro
[gamestate.cpp:4605]: AI takes control of High Chief Könçek II of Kirghiz
[gamestate.cpp:4605]: AI takes control of Countess Isabel of Surrey
[gamestate.cpp:4605]: AI takes control of Earl Ragnvald of Ormond
[gamestate.cpp:4605]: AI takes control of Chief Biranin of Djenné
[gamestate.cpp:4605]: AI takes control of Duke Obizzo of Milan
[gamestate.cpp:4605]: AI takes control of Chief Glande of Galindia
[gamestate.cpp:4605]: AI takes control of Count Engelbert of Krain
[gamestate.cpp:4605]: AI takes control of Count Berthold of Landeck
[gamestate.cpp:4605]: AI takes control of Count Raimond of Melgueil
[gamestate.cpp:4605]: AI takes control of Doux Ioannes IV of Karvuna
[gamestate.cpp:4605]: AI takes control of Chief Sirçan of Chortitza
[gamestate.cpp:4605]: AI takes control of Bey Ragar of Nandana
[gamestate.cpp:4605]: AI takes control of Count Dugald of Argyll
[gamestate.cpp:4605]: AI takes control of Bey Sökmen of Van
[gamestate.cpp:4605]: AI takes control of Earl Roger of Bedford
[gamestate.cpp:4605]: AI takes control of Earl Aubrey of Oxford
[gamestate.cpp:4605]: AI takes control of Emir Idris of the Hashimid Emirate
[gamestate.cpp:4605]: AI takes control of Grand Prince Ahma of Kareliya
[gamestate.cpp:4605]: AI takes control of Duke Kakhaber of Abkhazia
[gamestate.cpp:4605]: AI takes control of Count Ulrich of Neuchatel
[gamestate.cpp:4605]: AI takes control of Prince-Archbishop Christian of Mainz
[gamestate.cpp:4605]: AI takes control of Count Anund of Romerike
[gamestate.cpp:4605]: AI takes control of Shah Ghiyath of the Ghurid Shahdom
[gamestate.cpp:4605]: AI takes control of Marzoban Marghini of Badghis
[gamestate.cpp:4605]: AI takes control of Duke Bogislaw of Pomerania
[gamestate.cpp:4605]: AI takes control of Count Pedro of Bragança
[gamestate.cpp:4605]: AI takes control of Satrap Mu'izz of Kabulistan
[gamestate.cpp:4605]: AI takes control of Marzoban Shahanshah of Azerbaijan
[gamestate.cpp:4605]: AI takes control of Count Étienne of Bourges
[gamestate.cpp:4605]: AI takes control of Duke Hermann of Kärnten
[gamestate.cpp:4605]: AI takes control of Chief Nuyat of Thisageta
[gamestate.cpp:4605]: AI takes control of Prince-Bishop Svend of Aarhus
[gamestate.cpp:4605]: AI takes control of Duke Gebre of Wag
[gamestate.cpp:4605]: AI takes control of Count Baudouin of Guines
[gamestate.cpp:4605]: AI takes control of Count Gauthier of Beirut
[gamestate.cpp:4605]: AI takes control of Count Guerin of Sens
[gamestate.cpp:4605]: AI takes control of Count Hermann of Baden
[gamestate.cpp:4605]: AI takes control of Duke Konrad of the Rhine
[gamestate.cpp:4605]: AI takes control of Count Berthold of Breisgau
[gamestate.cpp:4605]: AI takes control of Count Liupolt of Pongau
[gamestate.cpp:4605]: AI takes control of Count Albero of Traungau
[gamestate.cpp:4605]: AI takes control of Count Alexios of Thebes
[gamestate.cpp:4605]: AI takes control of Earl Áed of Tír Eoghain
[gamestate.cpp:4605]: AI takes control of Chief Girgen of Barskhan
[gamestate.cpp:4605]: AI takes control of Satrap Surxap II of the Annazid Satrapy
[gamestate.cpp:4605]: AI takes control of Sultan Yusuf II of the Almohad Sultanate
[gamestate.cpp:4605]: AI takes control of Maharaja Bhillama of the Seuna Yadava Kingdom
[gamestate.cpp:4605]: AI takes control of Earl Boson of Limousin
[gamestate.cpp:4605]: AI takes control of Maharaja Udayakarana of the Vaidyadeva Kingdom
[gamestate.cpp:4605]: AI takes control of Emir Hafs of the Nabhanid Emirate
[gamestate.cpp:4605]: AI takes control of Chief Abdul-Qadir of Hajr
[gamestate.cpp:4605]: AI takes control of Count Ramon-Berenguer of Lleida
[gamestate.cpp:4605]: AI takes control of High Chief Sotan of Moldavia
[gamestate.cpp:4605]: AI takes control of High Chief Aepak of Sibir
[gamestate.cpp:4605]: AI takes control of Duke Floris III of Holland
[gamestate.cpp:4605]: AI takes control of Earl William of Derby
[gamestate.cpp:4605]: AI takes control of King Na'akuelo La'ab of Abyssinia
[gamestate.cpp:4605]: AI takes control of Duke Adam Asgad of Axum
[gamestate.cpp:4605]: AI takes control of Duchess Béatrix of Franche Comté
[gamestate.cpp:4605]: AI takes control of Count Balian of Beersheb
[gamestate.cpp:4605]: AI takes control of Prince-Bishop Rudolf of Liege
[gamestate.cpp:4605]: AI takes control of Prince-Bishop Hermann of Münster
[gamestate.cpp:4605]: AI takes control of Count Adalbert of Ulm
[gamestate.cpp:4605]: AI takes control of Count Kõszegi Hencz of Bács
[gamestate.cpp:4605]: AI takes control of High Chief Zarny of Perm
[gamestate.cpp:4605]: AI takes control of Prince-Bishop Robèrt of Vivarais
[gamestate.cpp:4605]: AI takes control of Prince-Archbishop Vojtech of Salzburg
[gamestate.cpp:4605]: AI takes control of Count Gerard of Loon
[gamestate.cpp:4605]: AI takes control of Earl Henri of Eu
[gamestate.cpp:4605]: AI takes control of Count Guy of Auxerre
[gamestate.cpp:4605]: AI takes control of Doux Basileios of Strymon
[gamestate.cpp:4605]: AI takes control of Thakur Jiban of Mallabhum
[gamestate.cpp:4605]: AI takes control of Gyalpo Purgyal Pyidetsan of Guge
[gamestate.cpp:4605]: AI takes control of Count Fernando of Astorga
[gamestate.cpp:4605]: AI takes control of Chief Girgen of Azov
[gamestate.cpp:4605]: AI takes control of High Chief Boru of Muntenia
[gamestate.cpp:4605]: AI takes control of Earl William of Wiltshire
[gamestate.cpp:4605]: AI takes control of Chief Mielus of Nyland
[gamestate.cpp:4605]: AI takes control of Chief Sampo of Kallavesi
[gamestate.cpp:4605]: AI takes control of Chief Ahma of Joensuu
[gamestate.cpp:4605]: AI takes control of Raja Jajalladeva II of the Haihaya Raj
[gamestate.cpp:4605]: AI takes control of Count Budai Nagy Móric of Vas
[gamestate.cpp:4605]: AI takes control of Count Draskovich Gábor of Bereg
[gamestate.cpp:4605]: AI takes control of Count Poth Ipoly of Somogy
[gamestate.cpp:4605]: AI takes control of Count Balassa Synk of Gömör
[gamestate.cpp:4605]: AI takes control of Protector General Tushan Wudubu of the Western Protectorate
[gamestate.cpp:4605]: AI takes control of Chief Njuolla of Sápmi
[gamestate.cpp:4605]: AI takes control of High Chief Baeivi V of Kola
[gamestate.cpp:4605]: AI takes control of High Chief Kurlemuse of Zemigallians
[gamestate.cpp:4605]: AI takes control of Chief Erasts of Jersika
[gamestate.cpp:4605]: AI takes control of Emir Karakush of Tripolitania
[gamestate.cpp:4605]: AI takes control of Chief Daoud of Ouadane
[gamestate.cpp:4605]: AI takes control of Chief Mamadi of Bir Um Grein
[gamestate.cpp:4605]: AI takes control of Farin Yenkirma of Bobo Dyulasso
[gamestate.cpp:4605]: AI takes control of Duke Jon of Viken
[gamestate.cpp:4605]: AI takes control of Count Gheorghe of Craiova
[gamestate.cpp:4605]: AI takes control of Duke Donald of Moray
[gamestate.cpp:4605]: AI takes control of Earl Duncan of Fife
[gamestate.cpp:4605]: AI takes control of Farin Nintasanay of Taghaza
[gamestate.cpp:4605]: AI takes control of Duke Magnus of Östergötland
[gamestate.cpp:4605]: AI takes control of Count Lars of Järnbäraland
[gamestate.cpp:4605]: AI takes control of Count Dag of Finland
[gamestate.cpp:4605]: AI takes control of Count Knut of Finnveden
[gamestate.cpp:4605]: AI takes control of Count Anund of Södermanland
[gamestate.cpp:4605]: AI takes control of Count Axel of Värmland
[gamestate.cpp:4605]: AI takes control of Chief Axel of Hälsingland
[gamestate.cpp:4605]: AI takes control of Beylerbey Saif II ad-Din Ghazi of the Zengi Beylerbeylik
[gamestate.cpp:4605]: AI takes control of Beylerbey Nassiruddin Muhammed of Erzerum
[gamestate.cpp:4605]: AI takes control of Count Henri of Bar
[gamestate.cpp:4605]: AI takes control of Count Dietrich of Kleve
[gamestate.cpp:4605]: AI takes control of Count Guglielmo of Cismonte
[gamestate.cpp:4605]: AI takes control of Captain Arcibaldo of Papal Guards
[gamestate.cpp:4605]: AI takes control of Captain Alaeddin of Turkmen Company
[gamestate.cpp:4605]: AI takes control of Captain Yeçtirek of Khazar Company
[gamestate.cpp:4605]: AI takes control of Captain Agdada of Berber Company
[gamestate.cpp:4605]: AI takes control of Captain Najib of Arab Company
[gamestate.cpp:4605]: AI takes control of Captain Kara of Turkoman Company
[gamestate.cpp:4605]: AI takes control of Captain Saru of Steppe Company
[gamestate.cpp:4605]: AI takes control of Captain Amri of Tuareg Company
[gamestate.cpp:4605]: AI takes control of Captain Zeyd of Bedouin Company
[gamestate.cpp:4605]: AI takes control of Captain Arthur of White Company
[gamestate.cpp:4605]: AI takes control of Captain Peter of Great Company
[gamestate.cpp:4605]: AI takes control of Condottiere Pietro of Company of St. George
[gamestate.cpp:4605]: AI takes control of Condottiere Ottavio of Company of the Star
[gamestate.cpp:4605]: AI takes control of Condottiere Conone of Company of the Hat
[gamestate.cpp:4605]: AI takes control of Condottiere Castore of Company of the Rose
[gamestate.cpp:4605]: AI takes control of Condottiere Ermengol of Catalan Company
[gamestate.cpp:4605]: AI takes control of Condottiere Aznar of Navarrese Company
[gamestate.cpp:4605]: AI takes control of Captain Alphonse of Swiss Company
[gamestate.cpp:4605]: AI takes control of Captain Mortiern of Breton Company
[gamestate.cpp:4605]: AI takes control of Captain Costante of Sardinian Company
[gamestate.cpp:4605]: AI takes control of Captain Bruto of Sardinian Band
[gamestate.cpp:4605]: AI takes control of Captain Nomedas of Victual Brothers
[gamestate.cpp:4605]: AI takes control of Captain Anders of Varangian Guard
[gamestate.cpp:4605]: AI takes control of Captain Kobyak of Cuman Company
[gamestate.cpp:4605]: AI takes control of Captain Matfei of Rus Company
[gamestate.cpp:4605]: AI takes control of Captain Ipaos of Pecheneg Company
[gamestate.cpp:4605]: AI takes control of Captain Mihail of Bulgarian Company
[gamestate.cpp:4605]: AI takes control of Captain Alptigin of Turkic Company
[gamestate.cpp:4605]: AI takes control of Condottiere Filippo of Lombard Band
[gamestate.cpp:4605]: AI takes control of Captain Godefroy of Swiss Band
[gamestate.cpp:4605]: AI takes control of Captain Huiarnbili of Breton Band
[gamestate.cpp:4605]: AI takes control of Condottiere Sanç of Catalan Band
[gamestate.cpp:4605]: AI takes control of Captain Gospatric of Saxon Band
[gamestate.cpp:4605]: AI takes control of Captain Girgen of Cuman Band
[gamestate.cpp:4605]: AI takes control of Captain Trifon of Rus Band
[gamestate.cpp:4605]: AI takes control of Captain Urho of Finnish Band
[gamestate.cpp:4605]: AI takes control of Captain Náhkol of Sami Band
[gamestate.cpp:4605]: AI takes control of Captain Arunas of Lithuanian Band
[gamestate.cpp:4605]: AI takes control of Captain Loua of Abyssinian Band
[gamestate.cpp:4605]: AI takes control of Captain Maththias of Nubian Band
[gamestate.cpp:4605]: AI takes control of Captain Maldred of Scottish Band
[gamestate.cpp:4605]: AI takes control of Captain Lachtnéne of Irish Band
[gamestate.cpp:4605]: AI takes control of Captain Soslan of Alan Riders
[gamestate.cpp:4605]: AI takes control of Captain Giazis of Pecheneg Band
[gamestate.cpp:4605]: AI takes control of Captain Soimir of Bulgarian Band
[gamestate.cpp:4605]: AI takes control of Captain Batuhan of Turkic Band
[gamestate.cpp:4605]: AI takes control of Captain Ahmad of Mamluks
[gamestate.cpp:4605]: AI takes control of Captain Zaccaria of the Adriatic Galleys
[gamestate.cpp:4605]: AI takes control of Captain Spinetto of the Ligurian Galleys
[gamestate.cpp:4605]: AI takes control of Captain Heinrich of the Baltic Cogs
[gamestate.cpp:4605]: AI takes control of Captain Antoon of the North Sea Cogs
[gamestate.cpp:4605]: AI takes control of Captain Ifser of the Maghreb Navy
[gamestate.cpp:4605]: AI takes control of Captain Ruhollah of Ghilman
[gamestate.cpp:4605]: AI takes control of Captain Majan of Ghanan Band
[gamestate.cpp:4605]: AI takes control of Pope Andronicus
[gamestate.cpp:4605]: AI takes control of Patriarch Markos
[gamestate.cpp:4605]: AI takes control of Patriarch Kosmas
[gamestate.cpp:4605]: AI takes control of Captain Huaiguang of Dragon Army
[gamestate.cpp:4605]: AI takes control of Captain Wenchang of Phoenix Company
[gamestate.cpp:4605]: AI takes control of Captain Ziyi of Qilin Company
[gamestate.cpp:4605]: AI takes control of Captain Zhirou of Tortoise Company
[gamestate.cpp:4605]: AI takes control of Captain Liben of Crane Band
[gamestate.cpp:4605]: AI takes control of Captain Mei of Peony Band
[gamestate.cpp:4605]: AI takes control of Captain Jie of Orchid Band
[gamestate.cpp:4605]: AI takes control of Captain Bulægæmaihu of Jurchen Band
[gamestate.cpp:4605]: AI takes control of Captain Zhengchang of Tangut Band
[gamestate.cpp:4605]: AI takes control of Captain Pungtsen of Bödpa Band
[gamestate.cpp:4605]: AI takes control of Captain Riyong of Treasure Fleet
[gamestate.cpp:4605]: AI takes control of Captain Chengqing of the Han Junks
[gamestate.cpp:4605]: AI takes control of Captain Mangda of the Jurchen Corsairs
[gamestate.cpp:4605]: AI takes control of Captain Irâcâtitta of Tamil Band
[gamestate.cpp:4605]: AI takes control of Captain Fatehsinh of Marathi Company
[gamestate.cpp:4605]: AI takes control of Captain Dhanaji of Marathi Band
[gamestate.cpp:4605]: AI takes control of Captain Vakapala of Bengal Company
[gamestate.cpp:4605]: AI takes control of Captain Upendranayaran of Bengal Band
[gamestate.cpp:4605]: AI takes control of Captain Katudeva of Rajput Company
[gamestate.cpp:4605]: AI takes control of Captain Bhoo-Chand of Rajput Band
[gamestate.cpp:4605]: AI takes control of Captain Nard of Persian Caravan Guards
[gamestate.cpp:4605]: AI takes control of Captain Khushal of Silk Road Sentinels
[gamestate.cpp:4605]: AI takes control of Captain Saltuk of Turkic Guard
[gamestate.cpp:4605]: AI takes control of Warchief Maÿroumfa of Ton-Tigi Army
[gamestate.cpp:4605]: AI takes control of Warchief M'Bali of Mandekalu Horsemen
[gamestate.cpp:4605]: AI takes control of Warchief Zacharias of Kèlè-Koun Infantry
[gamestate.cpp:4605]: AI takes control of Warchief Nintasanay of Mandekalu Band
[gamestate.cpp:4605]: AI takes control of Captain Dadi of Hausa Company
[gamestate.cpp:4605]: AI takes control of Warchief Silman of Band of the Hippo
[gamestate.cpp:4605]: AI takes control of Warchief Ghanim of Crocodile Company
[gamestate.cpp:4605]: AI takes control of Count Filibert of Hadeln
[gamestate.cpp:4605]: AI takes control of Beylerbayan Özgul
[gamestate.cpp:4605]: AI takes control of Bey Yakut of Homs
[gamestate.cpp:4605]: AI takes control of Thakur Kapur of Karur
[gamestate.cpp:4605]: AI takes control of Thakur Upendranayaran of Magadha
[gamestate.cpp:4605]: AI takes control of Patrician Bisti of Crasso
[gamestate.cpp:4605]: AI takes control of Patrician Blaxius of Caboga
[gamestate.cpp:4605]: AI takes control of Patrician Michael of Volce
[gamestate.cpp:4605]: AI takes control of Patrician Loncho of Bodacia
[ai.cpp:3637]: 1173.1.11: Saladin of k_egypt creates the Duchy of Cairo
[religion.cpp:2666]: 1173.1.17: Caliph Al-Mustadi calls for a Sunni Jihad against King Amaury of Jerusalem for the Kingdom of Jerusalem.
