[history.cpp:212]: Executing History from -1.1.1 to  2.1.1
[history.cpp:212]: Executing History from 2.1.1 to  1066.9.15
[ck_application.cpp:817]: After first history execution
[controlcommands.cpp:58]: Human MrHuman set as primary local
[controlcommands.cpp:50]: Human MrHuman unset as primary local
[controlcommands.cpp:58]: Human MrHuman set as primary local
[frontend.cpp:1328]: 

		[[ Launching SINGLEPLAYER-game ]]
	Start-date: 1066.9.15
	Country: Alfonso Jimena


[characterinteraction.cpp:4648]: Rodolfo chosen to be Cardinal
[characterinteraction.cpp:4648]: Adelfo chosen to be Cardinal
[characterinteraction.cpp:4648]: Guglielmo chosen to be Cardinal
[characterinteraction.cpp:4648]: Leone chosen to be Cardinal
[characterinteraction.cpp:4648]: Pasquale chosen to be Cardinal
[characterinteraction.cpp:4648]: Camillo chosen to be Cardinal
[characterinteraction.cpp:4648]: Bertoldo chosen to be Cardinal
[characterinteraction.cpp:4648]: Silvano chosen to be Cardinal
[characterinteraction.cpp:4648]: Angelo chosen to be Cardinal
[road_to_titus_progression.cpp:301]: FAILED TO FETCH FROM TITUS
[ConsoleCmdImpl.cpp:5411]: == HELP LOG ==
run []
 - Runs effects in specified file
techpoints
 - Adds 1000 tech points of each kind to the player
nextsong
 - Changes the currently playing soundtrack.
listsongs
 - Shows all available songs
morehumans(humans) [num]
 - Adds more humans
window(wnd) [Arguments: open/close] [window gui name]
 - Opens or closes the specified window
reload [file name]
 - Reloads the gui or lua file
reloadinterface
 - Reloads the entire interface
reloadfx [Arguments: map/mapname/postfx or *.fx filename]
 - Reloads the shader
reloadtexture [texture file name. Example: gfx/models/itup_pikeman_spec.dds]
 - Reloads the specified texture
reloadloc [0]
 - Reloads the localisation
reloadgovernmentflavor [0]
 - Reloads the government flavor
reloadevents [0]
 - Reloads the event database
reloadpositions [0]
 - Reloads the council position database
event [event id] [<Character ID>]
 - Executes an event
decision [decision id] [<Character ID>]
 - Executes a decision
charinfo(debug_mode)
 - Adds debug info to character status info
eventinfo
 - Adds debug info to character status info
numcoas
 - Prints the number of used coat of arms
succ [<Succession Type>]
 - Changes the succession type ( WARNING, Dangerous )
recalc_succ [<Character ID>]
 - Recalculate the succession for a character or the player
validate_lieges [<Title Name>]
 - Validates the liege of a title
validate_laws [<Character ID>]
 - Validates the laws of a characters primary holding
allow_laws
 - Toggles the ability to change laws freely
validate_cultural_names
 - Validates cultural title names
age [<Character ID> (optional)] [<Age>]
 - Sets a characters age
add_diplomacy [<Character ID>] [<Delta>]
 - Modifies a characters diplomacy stat
add_stewardship [<Character ID>] [<Delta>]
 - Modifies a characters stewardship stat
add_learning [<Character ID>] [<Delta>]
 - Modifies a characters learning stat
add_intrigue [<Character ID>] [<Delta>]
 - Modifies a characters intrigue stat
add_martial [<Character ID>] [<Delta>]
 - Modifies a characters martial stat
enable_ambition [<Character ID>]
 - Allows a character to pick a new ambition
clear
 - Clears the console
discover_plots
 - Toggles auto plot discovery
give_title [<Title Name>] [<Character ID>]
 - Gives a title to a character
murder [<Character ID>( Murderer )] [<Character ID>( Victim )] [<Auto success>( 1/0 )] [<Auto discover>( 1/0 )]
 - One character attempts to murder another
testevent [<Event ID>] [<Character ID>]
 - Tests an event without triggering it
nickname [<Nickname>] [<Character ID>]
 - Gives a character or the player a nickname
pollinate [<Character ID>( Mother )] [<Character ID>( Father )]
 - Impregnates a character by another character
cuckoo [<Character ID>( Mother )] [<Character ID>( Father )]
 - Impregnates a character by another character, father unknown
give_birth [<Character ID>( Mother )]
 - Causes a character to give birth
add_lover [<Character ID>( First )] [<Character ID>( Second )]
 - Makes two characters lovers
refresh_portraits
 - Sets all character portraits to be refreshed asap
add_trait [<Trait Name>, <Character ID>]
 - Adds a trait to a character
add_modifier [<Modifier Name>, <Character ID>, <Days>]
 - Adds a modifier to a character
remove_trait [<Trait Name>, <Character ID>]
 - Removes a trait from a character
remove_modifier [<Modifier Name>, <Character ID>]
 - Removes a modifier from a character
hello [<Character ID or Title Name>]
 - Opens the character screen or title screen
council_positions [<Character ID or Title Name>]
 - Shows the ai scores of each council position
recalc_council
 - Will recalc the council positions of each council member
play [<Character ID>]
 - Switches to play a character
coalition [<Character 01 ID>, <Character 02 ID>]
 - <CHAR01> starts/joins/leaves a coalition against <CHAR02>
infamy [<Amount>]
 - Add infamy
observe
 - Switches to play no character at all, and no longer shows messages or pauses the game
flip_mapmodes
 - Swtiches mapmodes daily
usurp [<Title Name>]
 - Sets a title to be owned by a character
quickbuild
 - Player's constructions are finished immediately
max_tech [<Province ID> OPTIONAL]
 - Maxes tech in all provinces
cash(wealth) [<Ammount>]
 - Adds gold to the player
piety [<Ammount>]
 - Adds piety to the player
prestige [<Ammount>]
 - Adds prestige to the player
score [<Ammount>]
 - Adds score to the player
religion [<Character ID>, <Religion> OR <Religion>]
 - Sets a character's religion
secret_religion [<Character ID>, <Religion> OR <Religion>]
 - Sets a character's secret religion
culture [<Character ID>, <Culture> OR <Culture>]
 - Sets a character's culture
province_religion(prov_rel) [<Province>, <Religion>]
 - Sets a province's religion
gfx_culture [<Character ID>, <Gfx Culture> OR <Gfx Culture>]
 - Sets a character's gfx culture
move [<Character ID>( Mover )] [<Character ID>( Move To )]
 - Moves a character to a character's court
claim [<Title Name>] [<Character ID> OPTIONAL]
 - Gives a claim to a character
set_government [<Government>] [<Character ID> OPTIONAL]
 - Sets government of a character
validate_government [<Character ID> OPTIONAL]
 - Validates government of a character
destroy_settlement [<Title Name>]
 - Destroys a settlement
de_jure_counties
 - Show the de jure counties map mode
wipe_achievements
 - Wipe out all CK2 Steam achievements. WARNING: CANNOT BE UNDONE!
wipe_feats
 - Wipe out all CK2 Featured Ruler feats. WARNING: CANNOT BE UNDONE!
fow [<Province ID> OPTIONAL]
 - Turns off fog of war in a province or in general
revolt [<Province ID>]
 - Starts a Revolt in a province
titleowner [<Title Name>] [<Character ID>]
 - Sets the holder of a title
kill [<Character ID>]
 - Kills a character
kill_yourself
 - Kills your character
die
 - Kills your character
capital [<Province ID>]
 - Moves Capital to province
plots_known
 - Toggles all plots to be known always
neg_diplo
 - Toggles the ability to send diplomatic messages that will be refused
imprison [<Character ID>( jailed )] [<Character ID>( jailor )]
 - Imprisons a character by another character
neg_opinion [<Character ID>( hater )] [<Character ID>( hated )]
 - Adds a negative opinion between two characters
banish [<Character ID>]
 - Banishes a character
marry_anyone
 - Toggles the ability to marry anyone
real_fathers
 - Shows real fathers in the Family Tree
fullscreen
 - Toggles fullscreen
guibounds(gui)
 - Toggles GUI bounds debug
decadence [<New Decadence>]
 - Sets Decadence of the players Dynasty
population [<Ammount>]
 - Adds Population to a Nomad
manpower [<Ammount>]
 - Adds Population to a Nomad
enforce_peace [<Ammount>]
 - Triggers the enforce peace mechanic in a realm
liege_enforce_peace [<Ammount>]
 - Triggers the enforce peace mechanic in a realm
game_speed [<speed>]
 - Sets the game speed
game_paused [<true/false>]
 - Toggles/Sets the game paused state
debug_events
 - Start Counting events
debug_dumpevents
 - Dump Event data to dump_events.txt
print_player_events
 - Print all player event to player_events.txt
print_ai_events
 - Print all non-player event to ai_events.txt
print_randomlog
 - Dumps content of the randomlog to randomlog.log
debug_yesmen(yesman,yesmen,ym)
 - Toggles Yesmen
debug_nomen(noman,nomen,nm)
 - Toggles Nomen
noai
 - Toggles AI
debug_crash
 - Force game to crash
debug_triggerassert
 - Force game to throw an assert
join_society [Society Key]
 - Join a society
leave_society [Society Key]
 - Leave a society
society_rank_up [Amount to rank up must be specified]
 - Rank up in society
society_rank_down [Amount to rank down must be specified]
 - Rank up in society
society_currency [amount of currency]
 - Gain some society currency
show_all_societies
 - Shows all societies in list of society view
set_society_grandmaster [<Character ID> OPTIONAL]
 - Sets the grandmaster of the society you're in to the given character
spawnactor [<Actorname>] [<Province ID>] [<Animation> OPTIONAL] [<Title Name> OPTIONAL]
 - Spawns an actor with an optional animation and tabard title
set_char_flag [<Flag>] [<Actorname> OPTIONAL]
 - Sets a flag for a character
clr_char_flag [<Flag>] [<Actorname> OPTIONAL]
 - Clears a flag from a character
set_prov_flag [<Flag>] [<Province>]
 - Sets a flag for a province
clr_prov_flag [<Flag>] [<Province>]
 - Clears a flag from a province
set_flag
 - Sets a global flag
clr_flag
 - Clears a global flag
clr_focus [<Actorname> OPTIONAL]
 - Clears the focus of a character
clr_moved_capital [<Actorname> OPTIONAL]
 - Clears the moved capital-flag of a character
add_friend [<Character 1>] [<Character 2> OPTIONAL]
 - Adds a friendship between two characters
remove_friend [<Character 1>] [<Character 2> OPTIONAL]
 - Removes a friendship between two characters
favor_get [<Character 1>]
 - Get a favor from character
favor_grant [<Character 1>]
 - Grant a favor to a character
add_rival [<Character 1>] [<Character 2> OPTIONAL]
 - Adds a rivalry between two characters
remove_rival [<Character 1>] [<Character 2> OPTIONAL]
 - Removes a rivalry between two characters
spawn_disease [disease] [province id]
 - Spawn specified disease in chosen province
outbreak [disease]
 - Starts a disease outbreak 
add_artifact [<artifact name] [<Character ID> OPTIONAL]
 - Adds an artifact to the given character 
destroy_artifact [<artifact name] [<Character ID> OPTIONAL]
 - Removes an artifact from the given character, destroying it 
character_stats
 - Outputs various statistics about the characters in the game 
dynasty_stats
 - Outputs various statistics about the dynasties in the game 
helplog
 - Print out all console commands to game.log file.
version [command name]
 - Print out current version of the game
help [command name]
 - Print out all console commands or a specific command description.
get_all_artifacts [target character id]
 - Give all artifacts to target character, or the player's character is no target is specified.
activate_artifacts
 - All artifacts are always active regardless of activation triggers.
get_offmap_holder [The offmap power you want to see the holder of]
 - Displays the name and character id of the current holder of an offmap power
add_offmap_currency [offmap power] [currency amount]
 - Gives currency with the specified offmap power
set_offmap_status [offmap power] [status]
 - Sets the status of the specified offmap power
set_offmap_policy [offmap power] [policy]
 - Sets the policy of the specified offmap power
kill_offmap_ruler [offmap power]
 - Kills the ruler specified offmap power
kill_offmap_dynasty [offmap power]
 - Kills the ruler specified offmap power, and generates a new one of a different dynasty
print_global_flags(pgf)
 - Prints all global flags
print_global_variables(print_global_vars,pgv)
 - Prints all global variables
print_holding_numbers
 - Prints all non-wasteland provinces sorted by # of holdings defined
save_without_ironman [save name]
 - Saves the current game without ironman
log_missing_adjectives
 - Prints all titles that have no adjective defined
reload_succession_voting
 - Reloads succession voting patterns
timer
 - Prints out debug timing info
timer_start
 - Starts debug timing
timer_restart
 - Restarts (resets and starts) debug timing
timer_reset
 - Resets debug timing
timer_stop
 - Stops debug timing
timer_dump
 - Dumps debug timing info
ct
 - Puts timer info in clipboard
run_commands_from_file(rcff,runcmdff) [file to read console commands from]
 - Reads a file where each line is executed as a console command
feat_log
 - 
